// Vitest Snapshot v1, https://vitest.dev/guide/snapshot.html

exports[`test file matches snapshot 1`] = `
[
  {
    "name": "int8_scalar",
    "rawType": {
      "cset": -1,
      "littleEndian": true,
      "signed": true,
      "size": 1,
      "total_size": 1,
      "type": 0,
      "vlen": false,
    },
    "shape": [],
    "type": {
      "class": "Integer",
      "endianness": "little-endian",
      "size": 8,
    },
    "value": -128,
  },
  {
    "name": "int8_2D",
    "rawType": {
      "cset": -1,
      "littleEndian": true,
      "signed": true,
      "size": 1,
      "total_size": 6,
      "type": 0,
      "vlen": false,
    },
    "shape": [
      2,
      3,
    ],
    "type": {
      "class": "Integer",
      "endianness": "little-endian",
      "size": 8,
    },
    "value": Int8Array [
      0,
      1,
      2,
      3,
      4,
      5,
    ],
  },
  {
    "name": "int16_scalar",
    "rawType": {
      "cset": -1,
      "littleEndian": true,
      "signed": true,
      "size": 2,
      "total_size": 1,
      "type": 0,
      "vlen": false,
    },
    "shape": [],
    "type": {
      "class": "Integer",
      "endianness": "little-endian",
      "size": 16,
    },
    "value": -32768,
  },
  {
    "name": "int16_2D",
    "rawType": {
      "cset": -1,
      "littleEndian": true,
      "signed": true,
      "size": 2,
      "total_size": 6,
      "type": 0,
      "vlen": false,
    },
    "shape": [
      2,
      3,
    ],
    "type": {
      "class": "Integer",
      "endianness": "little-endian",
      "size": 16,
    },
    "value": Int16Array [
      0,
      1,
      2,
      3,
      4,
      5,
    ],
  },
  {
    "name": "int32_scalar",
    "rawType": {
      "cset": -1,
      "littleEndian": true,
      "signed": true,
      "size": 4,
      "total_size": 1,
      "type": 0,
      "vlen": false,
    },
    "shape": [],
    "type": {
      "class": "Integer",
      "endianness": "little-endian",
      "size": 32,
    },
    "value": -2147483648,
  },
  {
    "name": "int32_BE_scalar",
    "rawType": {
      "cset": -1,
      "littleEndian": false,
      "signed": true,
      "size": 4,
      "total_size": 1,
      "type": 0,
      "vlen": false,
    },
    "shape": [],
    "type": {
      "class": "Integer",
      "endianness": "big-endian",
      "size": 32,
    },
    "value": 0,
  },
  {
    "name": "int32_2D",
    "rawType": {
      "cset": -1,
      "littleEndian": true,
      "signed": true,
      "size": 4,
      "total_size": 6,
      "type": 0,
      "vlen": false,
    },
    "shape": [
      2,
      3,
    ],
    "type": {
      "class": "Integer",
      "endianness": "little-endian",
      "size": 32,
    },
    "value": Int32Array [
      0,
      1,
      2,
      3,
      4,
      5,
    ],
  },
  {
    "name": "int64_scalar",
    "rawType": {
      "cset": -1,
      "littleEndian": true,
      "signed": true,
      "size": 8,
      "total_size": 1,
      "type": 0,
      "vlen": false,
    },
    "shape": [],
    "type": {
      "class": "Integer",
      "endianness": "little-endian",
      "size": 64,
    },
    "value": -9223372036854776000,
  },
  {
    "name": "int64_2D",
    "rawType": {
      "cset": -1,
      "littleEndian": true,
      "signed": true,
      "size": 8,
      "total_size": 6,
      "type": 0,
      "vlen": false,
    },
    "shape": [
      2,
      3,
    ],
    "type": {
      "class": "Integer",
      "endianness": "little-endian",
      "size": 64,
    },
    "value": [
      0,
      1,
      2,
      3,
      4,
      5,
    ],
  },
  {
    "name": "uint8_scalar",
    "rawType": {
      "cset": -1,
      "littleEndian": true,
      "signed": false,
      "size": 1,
      "total_size": 1,
      "type": 0,
      "vlen": false,
    },
    "shape": [],
    "type": {
      "class": "Integer (unsigned)",
      "endianness": "little-endian",
      "size": 8,
    },
    "value": 255,
  },
  {
    "name": "uint8_2D",
    "rawType": {
      "cset": -1,
      "littleEndian": true,
      "signed": false,
      "size": 1,
      "total_size": 6,
      "type": 0,
      "vlen": false,
    },
    "shape": [
      2,
      3,
    ],
    "type": {
      "class": "Integer (unsigned)",
      "endianness": "little-endian",
      "size": 8,
    },
    "value": Uint8Array [
      0,
      1,
      2,
      3,
      4,
      5,
    ],
  },
  {
    "name": "uint16_scalar",
    "rawType": {
      "cset": -1,
      "littleEndian": true,
      "signed": false,
      "size": 2,
      "total_size": 1,
      "type": 0,
      "vlen": false,
    },
    "shape": [],
    "type": {
      "class": "Integer (unsigned)",
      "endianness": "little-endian",
      "size": 16,
    },
    "value": 65535,
  },
  {
    "name": "uint16_2D",
    "rawType": {
      "cset": -1,
      "littleEndian": true,
      "signed": false,
      "size": 2,
      "total_size": 6,
      "type": 0,
      "vlen": false,
    },
    "shape": [
      2,
      3,
    ],
    "type": {
      "class": "Integer (unsigned)",
      "endianness": "little-endian",
      "size": 16,
    },
    "value": Uint16Array [
      0,
      1,
      2,
      3,
      4,
      5,
    ],
  },
  {
    "name": "uint32_scalar",
    "rawType": {
      "cset": -1,
      "littleEndian": true,
      "signed": false,
      "size": 4,
      "total_size": 1,
      "type": 0,
      "vlen": false,
    },
    "shape": [],
    "type": {
      "class": "Integer (unsigned)",
      "endianness": "little-endian",
      "size": 32,
    },
    "value": 4294967295,
  },
  {
    "name": "uint32_2D",
    "rawType": {
      "cset": -1,
      "littleEndian": true,
      "signed": false,
      "size": 4,
      "total_size": 6,
      "type": 0,
      "vlen": false,
    },
    "shape": [
      2,
      3,
    ],
    "type": {
      "class": "Integer (unsigned)",
      "endianness": "little-endian",
      "size": 32,
    },
    "value": Uint32Array [
      0,
      1,
      2,
      3,
      4,
      5,
    ],
  },
  {
    "name": "uint64_scalar",
    "rawType": {
      "cset": -1,
      "littleEndian": true,
      "signed": false,
      "size": 8,
      "total_size": 1,
      "type": 0,
      "vlen": false,
    },
    "shape": [],
    "type": {
      "class": "Integer (unsigned)",
      "endianness": "little-endian",
      "size": 64,
    },
    "value": 18446744073709552000,
  },
  {
    "name": "uint64_3D",
    "rawType": {
      "cset": -1,
      "littleEndian": true,
      "signed": false,
      "size": 8,
      "total_size": 8,
      "type": 0,
      "vlen": false,
    },
    "shape": [
      2,
      2,
      2,
    ],
    "type": {
      "class": "Integer (unsigned)",
      "endianness": "little-endian",
      "size": 64,
    },
    "value": [
      0,
      1,
      2,
      3,
      4,
      5,
      6,
      18446744073709552000,
    ],
  },
  {
    "name": "float16_scalar",
    "rawType": {
      "cset": -1,
      "littleEndian": true,
      "signed": false,
      "size": 2,
      "total_size": 1,
      "type": 1,
      "vlen": false,
    },
    "shape": [],
    "type": {
      "class": "Float",
      "endianness": "little-endian",
      "size": 16,
    },
    "value": [Error: Float16 not supported],
  },
  {
    "name": "float16_2D",
    "rawType": {
      "cset": -1,
      "littleEndian": true,
      "signed": false,
      "size": 2,
      "total_size": 6,
      "type": 1,
      "vlen": false,
    },
    "shape": [
      2,
      3,
    ],
    "type": {
      "class": "Float",
      "endianness": "little-endian",
      "size": 16,
    },
    "value": [Error: Float16 not supported],
  },
  {
    "name": "float32_empty",
    "rawType": {
      "cset": -1,
      "littleEndian": true,
      "signed": false,
      "size": 4,
      "total_size": 0,
      "type": 1,
      "vlen": false,
    },
    "shape": [],
    "type": {
      "class": "Float",
      "endianness": "little-endian",
      "size": 32,
    },
    "value": undefined,
  },
  {
    "name": "float32_scalar",
    "rawType": {
      "cset": -1,
      "littleEndian": true,
      "signed": false,
      "size": 4,
      "total_size": 1,
      "type": 1,
      "vlen": false,
    },
    "shape": [],
    "type": {
      "class": "Float",
      "endianness": "little-endian",
      "size": 32,
    },
    "value": 1.1754943508222875e-38,
  },
  {
    "name": "float32_BE_scalar",
    "rawType": {
      "cset": -1,
      "littleEndian": false,
      "signed": false,
      "size": 4,
      "total_size": 1,
      "type": 1,
      "vlen": false,
    },
    "shape": [],
    "type": {
      "class": "Float",
      "endianness": "big-endian",
      "size": 32,
    },
    "value": 0,
  },
  {
    "name": "float32_2D",
    "rawType": {
      "cset": -1,
      "littleEndian": true,
      "signed": false,
      "size": 4,
      "total_size": 6,
      "type": 1,
      "vlen": false,
    },
    "shape": [
      2,
      3,
    ],
    "type": {
      "class": "Float",
      "endianness": "little-endian",
      "size": 32,
    },
    "value": Float32Array [
      0,
      1,
      2,
      3,
      4,
      5,
    ],
  },
  {
    "name": "float64_scalar",
    "rawType": {
      "cset": -1,
      "littleEndian": true,
      "signed": false,
      "size": 8,
      "total_size": 1,
      "type": 1,
      "vlen": false,
    },
    "shape": [],
    "type": {
      "class": "Float",
      "endianness": "little-endian",
      "size": 64,
    },
    "value": 2.2250738585072014e-308,
  },
  {
    "name": "float64_nan_scalar",
    "rawType": {
      "cset": -1,
      "littleEndian": true,
      "signed": false,
      "size": 8,
      "total_size": 1,
      "type": 1,
      "vlen": false,
    },
    "shape": [],
    "type": {
      "class": "Float",
      "endianness": "little-endian",
      "size": 64,
    },
    "value": NaN,
  },
  {
    "name": "float64_inf_scalar",
    "rawType": {
      "cset": -1,
      "littleEndian": true,
      "signed": false,
      "size": 8,
      "total_size": 1,
      "type": 1,
      "vlen": false,
    },
    "shape": [],
    "type": {
      "class": "Float",
      "endianness": "little-endian",
      "size": 64,
    },
    "value": Infinity,
  },
  {
    "name": "float64_ninf_scalar",
    "rawType": {
      "cset": -1,
      "littleEndian": true,
      "signed": false,
      "size": 8,
      "total_size": 1,
      "type": 1,
      "vlen": false,
    },
    "shape": [],
    "type": {
      "class": "Float",
      "endianness": "little-endian",
      "size": 64,
    },
    "value": -Infinity,
  },
  {
    "name": "float64_zero_scalar",
    "rawType": {
      "cset": -1,
      "littleEndian": true,
      "signed": false,
      "size": 8,
      "total_size": 1,
      "type": 1,
      "vlen": false,
    },
    "shape": [],
    "type": {
      "class": "Float",
      "endianness": "little-endian",
      "size": 64,
    },
    "value": 0,
  },
  {
    "name": "float64_nzero_scalar",
    "rawType": {
      "cset": -1,
      "littleEndian": true,
      "signed": false,
      "size": 8,
      "total_size": 1,
      "type": 1,
      "vlen": false,
    },
    "shape": [],
    "type": {
      "class": "Float",
      "endianness": "little-endian",
      "size": 64,
    },
    "value": -0,
  },
  {
    "name": "float64_pi_scalar",
    "rawType": {
      "cset": -1,
      "littleEndian": true,
      "signed": false,
      "size": 8,
      "total_size": 1,
      "type": 1,
      "vlen": false,
    },
    "shape": [],
    "type": {
      "class": "Float",
      "endianness": "little-endian",
      "size": 64,
    },
    "value": 3.141592653589793,
  },
  {
    "name": "float64_2D",
    "rawType": {
      "cset": -1,
      "littleEndian": true,
      "signed": false,
      "size": 8,
      "total_size": 15,
      "type": 1,
      "vlen": false,
    },
    "shape": [
      3,
      5,
    ],
    "type": {
      "class": "Float",
      "endianness": "little-endian",
      "size": 64,
    },
    "value": Float64Array [
      0,
      1,
      Infinity,
      3,
      4,
      3,
      4,
      NaN,
      6,
      7,
      6,
      7,
      -Infinity,
      9,
      10,
    ],
  },
  {
    "name": "float128_scalar",
    "rawType": {
      "cset": -1,
      "littleEndian": true,
      "signed": false,
      "size": 16,
      "total_size": 1,
      "type": 1,
      "vlen": false,
    },
    "shape": [],
    "type": {
      "class": "Float",
      "endianness": "little-endian",
      "size": 128,
    },
    "value": [Error: Float128 not supported],
  },
  {
    "name": "float128_2D",
    "rawType": {
      "cset": -1,
      "littleEndian": true,
      "signed": false,
      "size": 16,
      "total_size": 6,
      "type": 1,
      "vlen": false,
    },
    "shape": [
      2,
      3,
    ],
    "type": {
      "class": "Float",
      "endianness": "little-endian",
      "size": 128,
    },
    "value": [Error: Float128 not supported],
  },
  {
    "name": "ascii_vlen_empty",
    "rawType": {
      "cset": 0,
      "littleEndian": true,
      "signed": false,
      "size": 4,
      "total_size": 0,
      "type": 3,
      "vlen": true,
    },
    "shape": [],
    "type": {
      "charSet": "ASCII",
      "class": "String",
    },
    "value": undefined,
  },
  {
    "name": "ascii_vlen_scalar",
    "rawType": {
      "cset": 0,
      "littleEndian": true,
      "signed": false,
      "size": 4,
      "total_size": 1,
      "type": 3,
      "vlen": true,
    },
    "shape": [],
    "type": {
      "charSet": "ASCII",
      "class": "String",
    },
    "value": "Some text",
  },
  {
    "name": "ascii_fixed_scalar",
    "rawType": {
      "cset": 0,
      "littleEndian": false,
      "signed": false,
      "size": 9,
      "total_size": 1,
      "type": 3,
      "vlen": false,
    },
    "shape": [],
    "type": {
      "charSet": "ASCII",
      "class": "String",
      "length": 9,
    },
    "value": "Some text",
  },
  {
    "name": "utf8_vlen_scalar",
    "rawType": {
      "cset": 1,
      "littleEndian": true,
      "signed": false,
      "size": 4,
      "total_size": 1,
      "type": 3,
      "vlen": true,
    },
    "shape": [],
    "type": {
      "charSet": "UTF-8",
      "class": "String",
    },
    "value": "Some text",
  },
  {
    "name": "utf8_vlen_1D",
    "rawType": {
      "cset": 1,
      "littleEndian": true,
      "signed": false,
      "size": 4,
      "total_size": 3,
      "type": 3,
      "vlen": true,
    },
    "shape": [
      3,
    ],
    "type": {
      "charSet": "UTF-8",
      "class": "String",
    },
    "value": [
      "foo",
      "bar",
      "baz",
    ],
  },
  {
    "name": "utf8_fixed_scalar",
    "rawType": {
      "cset": 1,
      "littleEndian": false,
      "signed": false,
      "size": 9,
      "total_size": 1,
      "type": 3,
      "vlen": false,
    },
    "shape": [],
    "type": {
      "charSet": "UTF-8",
      "class": "String",
      "length": 9,
    },
    "value": "Some text",
  },
  {
    "name": "byte_string_scalar",
    "rawType": {
      "cset": -1,
      "littleEndian": false,
      "signed": false,
      "size": 3,
      "total_size": 1,
      "type": 5,
      "vlen": false,
    },
    "shape": [],
    "type": {
      "class": "Opaque",
      "tag": "",
    },
    "value": Uint8Array [
      0,
      17,
      34,
    ],
  },
  {
    "name": "byte_string_1D",
    "rawType": {
      "cset": -1,
      "littleEndian": false,
      "signed": false,
      "size": 1,
      "total_size": 3,
      "type": 5,
      "vlen": false,
    },
    "shape": [
      3,
    ],
    "type": {
      "class": "Opaque",
      "tag": "",
    },
    "value": Uint8Array [
      0,
      17,
      34,
    ],
  },
  {
    "name": "datetime64_scalar",
    "rawType": {
      "cset": -1,
      "littleEndian": false,
      "signed": false,
      "size": 8,
      "total_size": 1,
      "type": 5,
      "vlen": false,
    },
    "shape": [],
    "type": {
      "class": "Opaque",
      "tag": "",
    },
    "value": Uint8Array [
      150,
      177,
      135,
      93,
      0,
      0,
      0,
      0,
    ],
  },
  {
    "name": "datetime64_not-a-time_scalar",
    "rawType": {
      "cset": -1,
      "littleEndian": false,
      "signed": false,
      "size": 8,
      "total_size": 1,
      "type": 5,
      "vlen": false,
    },
    "shape": [],
    "type": {
      "class": "Opaque",
      "tag": "",
    },
    "value": Uint8Array [
      0,
      0,
      0,
      0,
      0,
      0,
      0,
      128,
    ],
  },
  {
    "name": "complex64_scalar",
    "rawType": {
      "compound_type": {
        "members": [
          {
            "cset": -1,
            "littleEndian": true,
            "name": "r",
            "offset": 0,
            "shape": [],
            "signed": false,
            "size": 4,
            "type": 1,
            "vlen": false,
          },
          {
            "cset": -1,
            "littleEndian": true,
            "name": "i",
            "offset": 4,
            "shape": [],
            "signed": false,
            "size": 4,
            "type": 1,
            "vlen": false,
          },
        ],
        "nmembers": 2,
      },
      "cset": -1,
      "littleEndian": true,
      "signed": false,
      "size": 8,
      "total_size": 1,
      "type": 6,
      "vlen": false,
    },
    "shape": [],
    "type": {
      "class": "Complex",
      "imagType": {
        "class": "Float",
        "endianness": "little-endian",
        "size": 32,
      },
      "realType": {
        "class": "Float",
        "endianness": "little-endian",
        "size": 32,
      },
    },
    "value": [
      1.1754943508222875e-38,
      3.4028234663852886e+38,
    ],
  },
  {
    "name": "complex64_2D",
    "rawType": {
      "compound_type": {
        "members": [
          {
            "cset": -1,
            "littleEndian": true,
            "name": "r",
            "offset": 0,
            "shape": [],
            "signed": false,
            "size": 4,
            "type": 1,
            "vlen": false,
          },
          {
            "cset": -1,
            "littleEndian": true,
            "name": "i",
            "offset": 4,
            "shape": [],
            "signed": false,
            "size": 4,
            "type": 1,
            "vlen": false,
          },
        ],
        "nmembers": 2,
      },
      "cset": -1,
      "littleEndian": true,
      "signed": false,
      "size": 8,
      "total_size": 4,
      "type": 6,
      "vlen": false,
    },
    "shape": [
      2,
      2,
    ],
    "type": {
      "class": "Complex",
      "imagType": {
        "class": "Float",
        "endianness": "little-endian",
        "size": 32,
      },
      "realType": {
        "class": "Float",
        "endianness": "little-endian",
        "size": 32,
      },
    },
    "value": [
      [
        1,
        2,
      ],
      [
        3,
        4,
      ],
      [
        5,
        6,
      ],
      [
        7,
        8,
      ],
    ],
  },
  {
    "name": "complex128_scalar",
    "rawType": {
      "compound_type": {
        "members": [
          {
            "cset": -1,
            "littleEndian": true,
            "name": "r",
            "offset": 0,
            "shape": [],
            "signed": false,
            "size": 8,
            "type": 1,
            "vlen": false,
          },
          {
            "cset": -1,
            "littleEndian": true,
            "name": "i",
            "offset": 8,
            "shape": [],
            "signed": false,
            "size": 8,
            "type": 1,
            "vlen": false,
          },
        ],
        "nmembers": 2,
      },
      "cset": -1,
      "littleEndian": true,
      "signed": false,
      "size": 16,
      "total_size": 1,
      "type": 6,
      "vlen": false,
    },
    "shape": [],
    "type": {
      "class": "Complex",
      "imagType": {
        "class": "Float",
        "endianness": "little-endian",
        "size": 64,
      },
      "realType": {
        "class": "Float",
        "endianness": "little-endian",
        "size": 64,
      },
    },
    "value": [
      2.2250738585072014e-308,
      1.7976931348623157e+308,
    ],
  },
  {
    "name": "complex128_BE_scalar",
    "rawType": {
      "compound_type": {
        "members": [
          {
            "cset": -1,
            "littleEndian": false,
            "name": "r",
            "offset": 0,
            "shape": [],
            "signed": false,
            "size": 8,
            "type": 1,
            "vlen": false,
          },
          {
            "cset": -1,
            "littleEndian": false,
            "name": "i",
            "offset": 8,
            "shape": [],
            "signed": false,
            "size": 8,
            "type": 1,
            "vlen": false,
          },
        ],
        "nmembers": 2,
      },
      "cset": -1,
      "littleEndian": false,
      "signed": false,
      "size": 16,
      "total_size": 1,
      "type": 6,
      "vlen": false,
    },
    "shape": [],
    "type": {
      "class": "Complex",
      "imagType": {
        "class": "Float",
        "endianness": "big-endian",
        "size": 64,
      },
      "realType": {
        "class": "Float",
        "endianness": "big-endian",
        "size": 64,
      },
    },
    "value": [
      1,
      2,
    ],
  },
  {
    "name": "complex128_2D",
    "rawType": {
      "compound_type": {
        "members": [
          {
            "cset": -1,
            "littleEndian": true,
            "name": "r",
            "offset": 0,
            "shape": [],
            "signed": false,
            "size": 8,
            "type": 1,
            "vlen": false,
          },
          {
            "cset": -1,
            "littleEndian": true,
            "name": "i",
            "offset": 8,
            "shape": [],
            "signed": false,
            "size": 8,
            "type": 1,
            "vlen": false,
          },
        ],
        "nmembers": 2,
      },
      "cset": -1,
      "littleEndian": true,
      "signed": false,
      "size": 16,
      "total_size": 4,
      "type": 6,
      "vlen": false,
    },
    "shape": [
      2,
      2,
    ],
    "type": {
      "class": "Complex",
      "imagType": {
        "class": "Float",
        "endianness": "little-endian",
        "size": 64,
      },
      "realType": {
        "class": "Float",
        "endianness": "little-endian",
        "size": 64,
      },
    },
    "value": [
      [
        1,
        2,
      ],
      [
        3,
        4,
      ],
      [
        5,
        6,
      ],
      [
        7,
        8,
      ],
    ],
  },
  {
    "name": "complex256_scalar",
    "rawType": {
      "compound_type": {
        "members": [
          {
            "cset": -1,
            "littleEndian": true,
            "name": "r",
            "offset": 0,
            "shape": [],
            "signed": false,
            "size": 16,
            "type": 1,
            "vlen": false,
          },
          {
            "cset": -1,
            "littleEndian": true,
            "name": "i",
            "offset": 16,
            "shape": [],
            "signed": false,
            "size": 16,
            "type": 1,
            "vlen": false,
          },
        ],
        "nmembers": 2,
      },
      "cset": -1,
      "littleEndian": true,
      "signed": false,
      "size": 32,
      "total_size": 1,
      "type": 6,
      "vlen": false,
    },
    "shape": [],
    "type": {
      "class": "Complex",
      "imagType": {
        "class": "Float",
        "endianness": "little-endian",
        "size": 128,
      },
      "realType": {
        "class": "Float",
        "endianness": "little-endian",
        "size": 128,
      },
    },
    "value": [Error: Float128 not supported],
  },
  {
    "name": "complex256_2D",
    "rawType": {
      "compound_type": {
        "members": [
          {
            "cset": -1,
            "littleEndian": true,
            "name": "r",
            "offset": 0,
            "shape": [],
            "signed": false,
            "size": 16,
            "type": 1,
            "vlen": false,
          },
          {
            "cset": -1,
            "littleEndian": true,
            "name": "i",
            "offset": 16,
            "shape": [],
            "signed": false,
            "size": 16,
            "type": 1,
            "vlen": false,
          },
        ],
        "nmembers": 2,
      },
      "cset": -1,
      "littleEndian": true,
      "signed": false,
      "size": 32,
      "total_size": 4,
      "type": 6,
      "vlen": false,
    },
    "shape": [
      2,
      2,
    ],
    "type": {
      "class": "Complex",
      "imagType": {
        "class": "Float",
        "endianness": "little-endian",
        "size": 128,
      },
      "realType": {
        "class": "Float",
        "endianness": "little-endian",
        "size": 128,
      },
    },
    "value": [Error: Float128 not supported],
  },
  {
    "name": "compound_scalar",
    "rawType": {
      "compound_type": {
        "members": [
          {
            "cset": -1,
            "littleEndian": true,
            "name": "bigint",
            "offset": 0,
            "shape": [],
            "signed": true,
            "size": 8,
            "type": 0,
            "vlen": false,
          },
          {
            "cset": -1,
            "littleEndian": true,
            "name": "double",
            "offset": 8,
            "shape": [],
            "signed": false,
            "size": 8,
            "type": 1,
            "vlen": false,
          },
          {
            "cset": 1,
            "littleEndian": true,
            "name": "utf-8",
            "offset": 16,
            "shape": [],
            "signed": false,
            "size": 4,
            "type": 3,
            "vlen": true,
          },
        ],
        "nmembers": 3,
      },
      "cset": -1,
      "littleEndian": true,
      "signed": false,
      "size": 20,
      "total_size": 1,
      "type": 6,
      "vlen": false,
    },
    "shape": [],
    "type": {
      "class": "Compound",
      "fields": {
        "bigint": {
          "class": "Integer",
          "endianness": "little-endian",
          "size": 64,
        },
        "double": {
          "class": "Float",
          "endianness": "little-endian",
          "size": 64,
        },
        "utf-8": {
          "charSet": "UTF-8",
          "class": "String",
        },
      },
    },
    "value": [
      1,
      2,
      "foo",
    ],
  },
  {
    "name": "compound_1D",
    "rawType": {
      "compound_type": {
        "members": [
          {
            "cset": -1,
            "littleEndian": true,
            "name": "bigint",
            "offset": 0,
            "shape": [],
            "signed": true,
            "size": 8,
            "type": 0,
            "vlen": false,
          },
          {
            "cset": -1,
            "littleEndian": true,
            "name": "double",
            "offset": 8,
            "shape": [],
            "signed": false,
            "size": 8,
            "type": 1,
            "vlen": false,
          },
          {
            "cset": 1,
            "littleEndian": true,
            "name": "utf-8",
            "offset": 16,
            "shape": [],
            "signed": false,
            "size": 4,
            "type": 3,
            "vlen": true,
          },
        ],
        "nmembers": 3,
      },
      "cset": -1,
      "littleEndian": true,
      "signed": false,
      "size": 20,
      "total_size": 3,
      "type": 6,
      "vlen": false,
    },
    "shape": [
      3,
    ],
    "type": {
      "class": "Compound",
      "fields": {
        "bigint": {
          "class": "Integer",
          "endianness": "little-endian",
          "size": 64,
        },
        "double": {
          "class": "Float",
          "endianness": "little-endian",
          "size": 64,
        },
        "utf-8": {
          "charSet": "UTF-8",
          "class": "String",
        },
      },
    },
    "value": [
      [
        1,
        NaN,
        "foo",
      ],
      [
        2,
        Infinity,
        "bar",
      ],
      [
        3,
        -0,
        "baz",
      ],
    ],
  },
  {
    "name": "compound_nested_scalar",
    "rawType": {
      "compound_type": {
        "members": [
          {
            "compound_type": {
              "members": [
                {
                  "cset": -1,
                  "enum_type": {
                    "members": {
                      "FALSE": 0,
                      "TRUE": 1,
                    },
                    "nmembers": 2,
                    "type": 0,
                  },
                  "littleEndian": true,
                  "name": "bool",
                  "offset": 0,
                  "shape": [],
                  "signed": true,
                  "size": 1,
                  "type": 8,
                  "vlen": false,
                },
                {
                  "compound_type": {
                    "members": [
                      {
                        "cset": -1,
                        "littleEndian": true,
                        "name": "r",
                        "offset": 0,
                        "shape": [],
                        "signed": false,
                        "size": 4,
                        "type": 1,
                        "vlen": false,
                      },
                      {
                        "cset": -1,
                        "littleEndian": true,
                        "name": "i",
                        "offset": 4,
                        "shape": [],
                        "signed": false,
                        "size": 4,
                        "type": 1,
                        "vlen": false,
                      },
                    ],
                    "nmembers": 2,
                  },
                  "cset": -1,
                  "littleEndian": true,
                  "name": "cplx",
                  "offset": 1,
                  "shape": [],
                  "signed": false,
                  "size": 8,
                  "type": 6,
                  "vlen": false,
                },
              ],
              "nmembers": 2,
            },
            "cset": -1,
            "littleEndian": true,
            "name": "nested",
            "offset": 0,
            "shape": [],
            "signed": false,
            "size": 9,
            "type": 6,
            "vlen": false,
          },
        ],
        "nmembers": 1,
      },
      "cset": -1,
      "littleEndian": true,
      "signed": false,
      "size": 9,
      "total_size": 1,
      "type": 6,
      "vlen": false,
    },
    "shape": [],
    "type": {
      "class": "Compound",
      "fields": {
        "nested": {
          "class": "Compound",
          "fields": {
            "bool": {
              "class": "Boolean",
            },
            "cplx": {
              "class": "Complex",
              "imagType": {
                "class": "Float",
                "endianness": "little-endian",
                "size": 32,
              },
              "realType": {
                "class": "Float",
                "endianness": "little-endian",
                "size": 32,
              },
            },
          },
        },
      },
    },
    "value": [
      [
        true,
        [
          1,
          2,
        ],
      ],
    ],
  },
  {
    "name": "compound_array_vlen_1D",
    "rawType": {
      "compound_type": {
        "members": [
          {
            "array_type": {
              "cset": -1,
              "littleEndian": true,
              "shape": [
                2,
              ],
              "signed": false,
              "size": 4,
              "total_size": 2,
              "type": 1,
              "vlen": false,
            },
            "cset": -1,
            "littleEndian": true,
            "name": "arr",
            "offset": 0,
            "shape": [],
            "signed": false,
            "size": 8,
            "type": 10,
            "vlen": false,
          },
          {
            "cset": -1,
            "littleEndian": true,
            "name": "vlen",
            "offset": 8,
            "shape": [],
            "signed": false,
            "size": 8,
            "type": 9,
            "vlen": false,
          },
        ],
        "nmembers": 2,
      },
      "cset": -1,
      "littleEndian": true,
      "signed": false,
      "size": 16,
      "total_size": 3,
      "type": 6,
      "vlen": false,
    },
    "shape": [
      3,
    ],
    "type": {
      "class": "Compound",
      "fields": {
        "arr": {
          "base": {
            "class": "Float",
            "endianness": "little-endian",
            "size": 32,
          },
          "class": "Array",
          "dims": [
            2,
          ],
        },
        "vlen": {
          "base": {
            "class": "Unknown",
          },
          "class": "Array (variable length)",
        },
      },
    },
    "value": [
      [
        [
          0,
          1,
        ],
        Uint8Array [
          1,
          0,
          0,
          0,
          152,
          209,
          18,
          0,
        ],
      ],
      [
        [
          2,
          3,
        ],
        Uint8Array [
          2,
          0,
          0,
          0,
          232,
          231,
          18,
          0,
        ],
      ],
      [
        [
          4,
          5,
        ],
        Uint8Array [
          3,
          0,
          0,
          0,
          0,
          232,
          18,
          0,
        ],
      ],
    ],
  },
  {
    "name": "reference_scalar",
    "rawType": {
      "cset": -1,
      "littleEndian": false,
      "ref_type": "object",
      "signed": false,
      "size": 8,
      "total_size": 1,
      "type": 7,
      "vlen": false,
    },
    "shape": [],
    "type": {
      "class": "Reference",
    },
    "value": [
      Reference {
        "ref_data": Uint8Array [
          226,
          92,
          0,
          0,
          0,
          0,
          0,
          0,
        ],
      },
    ],
  },
  {
    "name": "reference_region_scalar",
    "rawType": {
      "cset": -1,
      "littleEndian": false,
      "ref_type": "region",
      "signed": false,
      "size": 12,
      "total_size": 1,
      "type": 7,
      "vlen": false,
    },
    "shape": [],
    "type": {
      "class": "Reference",
    },
    "value": [
      RegionReference {
        "ref_data": Uint8Array [
          34,
          56,
          0,
          0,
          0,
          0,
          0,
          0,
          13,
          0,
          0,
          0,
        ],
      },
    ],
  },
  {
    "name": "bool_empty",
    "rawType": {
      "cset": -1,
      "enum_type": {
        "members": {
          "FALSE": 0,
          "TRUE": 1,
        },
        "nmembers": 2,
        "type": 0,
      },
      "littleEndian": true,
      "signed": false,
      "size": 1,
      "total_size": 0,
      "type": 8,
      "vlen": false,
    },
    "shape": [],
    "type": {
      "class": "Boolean",
    },
    "value": false,
  },
  {
    "name": "bool_false_scalar",
    "rawType": {
      "cset": -1,
      "enum_type": {
        "members": {
          "FALSE": 0,
          "TRUE": 1,
        },
        "nmembers": 2,
        "type": 0,
      },
      "littleEndian": true,
      "signed": true,
      "size": 1,
      "total_size": 1,
      "type": 8,
      "vlen": false,
    },
    "shape": [],
    "type": {
      "class": "Boolean",
    },
    "value": false,
  },
  {
    "name": "bool_true_scalar",
    "rawType": {
      "cset": -1,
      "enum_type": {
        "members": {
          "FALSE": 0,
          "TRUE": 1,
        },
        "nmembers": 2,
        "type": 0,
      },
      "littleEndian": true,
      "signed": true,
      "size": 1,
      "total_size": 1,
      "type": 8,
      "vlen": false,
    },
    "shape": [],
    "type": {
      "class": "Boolean",
    },
    "value": true,
  },
  {
    "name": "bool_2D",
    "rawType": {
      "cset": -1,
      "enum_type": {
        "members": {
          "FALSE": 0,
          "TRUE": 1,
        },
        "nmembers": 2,
        "type": 0,
      },
      "littleEndian": true,
      "signed": true,
      "size": 1,
      "total_size": 8,
      "type": 8,
      "vlen": false,
    },
    "shape": [
      2,
      4,
    ],
    "type": {
      "class": "Boolean",
    },
    "value": [
      true,
      false,
      true,
      true,
      false,
      false,
      true,
      false,
    ],
  },
  {
    "name": "enum_uint8_scalar",
    "rawType": {
      "cset": -1,
      "enum_type": {
        "members": {
          "A": 0,
          "B": 1,
        },
        "nmembers": 2,
        "type": 0,
      },
      "littleEndian": true,
      "signed": false,
      "size": 1,
      "total_size": 1,
      "type": 8,
      "vlen": false,
    },
    "shape": [],
    "type": {
      "base": {
        "class": "Integer (unsigned)",
        "endianness": "little-endian",
        "size": 8,
      },
      "class": "Enumeration",
      "mapping": {
        "A": 0,
        "B": 1,
      },
    },
    "value": 1,
  },
  {
    "name": "enum_int32_scalar",
    "rawType": {
      "cset": -1,
      "enum_type": {
        "members": {
          "A": 256,
          "B": 257,
        },
        "nmembers": 2,
        "type": 0,
      },
      "littleEndian": true,
      "signed": true,
      "size": 4,
      "total_size": 1,
      "type": 8,
      "vlen": false,
    },
    "shape": [],
    "type": {
      "base": {
        "class": "Integer",
        "endianness": "little-endian",
        "size": 32,
      },
      "class": "Enumeration",
      "mapping": {
        "A": 256,
        "B": 257,
      },
    },
    "value": 256,
  },
  {
    "name": "vlen_int8_scalar",
    "rawType": {
      "cset": -1,
      "littleEndian": true,
      "signed": true,
      "size": 8,
      "total_size": 1,
      "type": 9,
      "vlen": false,
    },
    "shape": [],
    "type": {
      "base": {
        "class": "Unknown",
      },
      "class": "Array (variable length)",
    },
    "value": Uint8Array [
      2,
      0,
      0,
      0,
      104,
      178,
      18,
      0,
    ],
  },
  {
    "name": "vlen_int64_1D",
    "rawType": {
      "cset": -1,
      "littleEndian": true,
      "signed": true,
      "size": 8,
      "total_size": 3,
      "type": 9,
      "vlen": false,
    },
    "shape": [
      3,
    ],
    "type": {
      "base": {
        "class": "Unknown",
      },
      "class": "Array (variable length)",
    },
    "value": Uint8Array [
      1,
      0,
      0,
      0,
      0,
      204,
      18,
      0,
      2,
      0,
      0,
      0,
      72,
      107,
      14,
      0,
      3,
      0,
      0,
      0,
      80,
      234,
      18,
      0,
    ],
  },
]
`;
